<!DOCTYPE html>
<html lang="en">
<head>
    <meta charset="UTF-8">
    <link rel="icon" href="/Imagens/Logos/LOGO-CUT-WHITE.png">
    <meta name="viewport" content="width=device-width, initial-scale=1.0">
    <title>HorseCare / Planos / Golden</title>
    <link rel="stylesheet" href="style.css">
    <script src="script.js"></script>
</head>
<body>
    <section>
      <div class="container flex">
        <div class="left">
          <div class="main_image">
            <img src="/Imagens/Cards/cavalo-card-golden.jpg" class="slide">
          </div>
          <div class="option flex">
            <img src="/Imagens/Cards/cavalo-card-golden.jpg" onclick="img('/Imagens/Cards/cavalo-card-golden.jpg')">
            <img src="/Imagens/Cards/cavalo-card-golden.jpg" onclick="img('/Imagens/Cards/cavalo-card-golden.jpg')">
            <img src="/Imagens/Cards/cavalo-card-golden.jpg" onclick="img('/Imagens/Cards/cavalo-card-golden.jpg')">
            <img src="/Imagens/Cards/cavalo-card-golden.jpg" onclick="img('/Imagens/Cards/cavalo-card-golden.jpg')">
            <img src="/Imagens/Cards/cavalo-card-golden.jpg" onclick="img('/Imagens/Cards/cavalo-card-golden.jpg')">
            <img src="/Imagens/Cards/cavalo-card-golden.jpg" onclick="img('/Imagens/Cards/cavalo-card-golden.jpg')">
          </div>
        </div>
        <div class="right">
          <h3>Planos / Plano Golden</h3>
          <h4>R$1.500,00 / Dia </h4>
          <p>
            <li>Baias de 12m<sup>2</sup></li>
            <li>Capim Santo</li>
            <li>Banho 1 vezes ao dia</li>
            <li>Ferrageamento mensal</li>
            <li>Antedimento veterinário mensal</li>
            <li>Escovação e higiene a cada 3 dias</li>
          </p>
          <p>Ao lado, as imagens correspontes ao Plano Golden!</p>
          <a href="#"><button>Hospedar</button></a>
        </div>
      </div>
    </section>
  </body>
  
  </html>